// Jest Snapshot v1, https://goo.gl/fbAQLP

exports[`Render PrivateRoute with auth 1`] = `<div />`;

exports[`Render PrivateRoute without auth 1`] = `null`;
