// Jest Snapshot v1, https://goo.gl/fbAQLP

exports[`Render withChangingForm Should withChangingForm render correctly 1`] = `<div />`;
