// Jest Snapshot v1, https://goo.gl/fbAQLP

exports[`Render withValidation Should withValidation render correctly 1`] = `<div />`;
