// Jest Snapshot v1, https://goo.gl/fbAQLP

exports[`Render MoviesByGenres Should MoviesByGenres render correctly 1`] = `
Array [
  <GenresList
    genres={
      Array [
        "All genres",
        "Crime",
      ]
    }
  />,
  <MoviesList
    films={
      Array [
        Object {
          "backgroundColor": "#ffffff",
          "backgroundImage": "img/the-grand-budapest-hotel-bg.jpg",
          "description": "In the 1930s, the Grand Budapest Hotel is a popular European ski resort, presided over by concierge Gustave H. (Ralph Fiennes). Zero, a junior lobby boy, becomes Gustave's friend and protege.",
          "director": "Wes Andreson",
          "genre": "Comedy",
          "id": 1,
          "isFavorite": false,
          "name": "The Grand Budapest Hotel",
          "posterImage": "img/the-grand-budapest-hotel-poster.jpg",
          "previewImage": "img/the-grand-budapest-hotel.jpg",
          "previewVideoLink": "https://some-link",
          "rating": 8.9,
          "released": 2014,
          "runTime": 99,
          "scoresCount": 240,
          "starring": Array [
            "Bill Murray",
            "Edward Norton",
            "Jude Law",
            "Willem Dafoe",
            "Saoirse Ronan",
          ],
          "videoLink": "https://some-link",
        },
      ]
    }
    filmsRendered={8}
  />,
  <ShowMore />,
]
`;
