// Jest Snapshot v1, https://goo.gl/fbAQLP

exports[`Render ShowMore Should ShowMore render correctly 1`] = `null`;
