// Jest Snapshot v1, https://goo.gl/fbAQLP

exports[`Render MoviesList Should MoviesList render correctly 1`] = `
<div
  className="catalog__movies-list"
>
  <article
    className="small-movie-card catalog__movies-card"
    onMouseEnter={[Function]}
    onMouseLeave={[Function]}
  >
    <div
      className="small-movie-card__image"
    >
      <video
        height="175"
        muted={true}
        playsInline={true}
        preload="auto"
        width="280"
      />
    </div>
    <h3
      className="small-movie-card__title"
    >
      <a
        className="small-movie-card__link"
        href="/films/1"
        onClick={[Function]}
      >
        The Grand Budapest Hotel
      </a>
    </h3>
  </article>
</div>
`;
