// Jest Snapshot v1, https://goo.gl/fbAQLP

exports[`Render App Render App 1`] = `
<Main
  history={
    Object {
      "action": "POP",
      "block": [Function],
      "createHref": [Function],
      "go": [Function],
      "goBack": [Function],
      "goForward": [Function],
      "length": 1,
      "listen": [Function],
      "location": Object {
        "hash": "",
        "pathname": "/",
        "search": "",
        "state": undefined,
      },
      "push": [Function],
      "replace": [Function],
    }
  }
  location={
    Object {
      "hash": "",
      "pathname": "/",
      "search": "",
      "state": undefined,
    }
  }
  match={
    Object {
      "isExact": true,
      "params": Object {},
      "path": "/",
      "url": "/",
    }
  }
/>
`;
