// Jest Snapshot v1, https://goo.gl/fbAQLP

exports[`Render withActiveItem Should withActivePlayer render correctly 1`] = `<div />`;
