// Jest Snapshot v1, https://goo.gl/fbAQLP

exports[`Render withPlayingVideo Should withPlayingVideo render correctly 1`] = `<div />`;
