// Jest Snapshot v1, https://goo.gl/fbAQLP

exports[`Render withPlayingVideo Should withPlayingVideo render correctly 1`] = `
<div>
  <video
    className="player__video"
    poster="img/the-grand-budapest-hotel-bg.jpg"
    preload="metadata"
    src="https://some-link"
  />
</div>
`;
