// Jest Snapshot v1, https://goo.gl/fbAQLP

exports[`Render withHoverMovieCard Should withHoverMovieCard render correctly 1`] = `
<div>
  <video />
</div>
`;
