// Jest Snapshot v1, https://goo.gl/fbAQLP

exports[`Render SmallMovieCard Should SmallMovieCard render correctly 1`] = `
<article
  className="small-movie-card catalog__movies-card"
  onMouseEnter={[Function]}
  onMouseLeave={[Function]}
>
  <div
    className="small-movie-card__image"
  >
    <video
      height="175"
      muted={true}
      playsInline={true}
      preload="auto"
      width="280"
    />
  </div>
  <h3
    className="small-movie-card__title"
  >
    <a
      className="small-movie-card__link"
      href="/films/1"
      onClick={[Function]}
    >
      The Grand Budapest Hotel
    </a>
  </h3>
</article>
`;
